
==== 2026-08-01T19:05:35 ====
  server     running in the background
  tray       icon active; closing the window leaves it running
  quitting from the tray

==== 2026-08-01T19:18:09 ====
  server     running in the background
  tray       icon active; closing the window leaves it running
  window     hidden; still running in the tray
  window     hidden; still running in the tray
  window     hidden; still running in the tray
  window     hidden; still running in the tray
  window     hidden; still running in the tray
  window     hidden; still running in the tray
  window     hidden; still running in the tray
  window     hidden; still running in the tray
  window     hidden; still running in the tray
  window     hidden; still running in the tray
  window     hidden; still running in the tray
  window     hidden; still running in the tray
  window     hidden; still running in the tray
  window     hidden; still running in the tray
  window     hidden; still running in the tray
  window     hidden; still running in the tray
  window     hidden; still running in the tray
  window     hidden; still running in the tray
  window     hidden; still running in the tray
  window     hidden; still running in the tray
  window     hidden; still running in the tray
  window     hidden; still running in the tray
  window     hidden; still running in the tray
  window     hidden; still running in the tray
  window     hidden; still running in the tray
  quitting from the tray
