{"logTime": "0801/133516", "correlationVector":"/88sJIynfbSiVq89tJUPPX.1","action":"SyncServerConnectionManagerRequest", "result":"SYNC_SERVER_OK", "context":{"environment":"Prod_southindia_prod-s01-004-apac-southindia", "migrationStage":"NotStarted", "server":"akswtt10600002e"}}
{"logTime": "0801/133516", "correlationVector":"/88sJIynfbSiVq89tJUPPX.2","action":"ProcessGetUpdates", "result":"Done", "context":{"dataType":"Encryption Keys", "deleted":"0", "process_failed_to_decrypt":"0", "process_pending_decryption":"0", "process_success":"1", "total":"1"}}
{"logTime": "0801/133517", "correlationVector":"KnhVRAdpATx4GkcbPZBkUQ","action":"SyncServerConnectionManagerRequest", "result":"SYNC_SERVER_OK", "context":{"environment":"", "migrationStage":"", "server":""}}
{"logTime": "0801/133517", "correlationVector":"KnhVRAdpATx4GkcbPZBkUQ.0","action":"EncryptionKeysFetcher.DownloadKeys:", "result":"Success", "context":Key count: 8, Last key timestamp: 2026-03-07T10:18:59Z}
{"logTime": "0801/133517", "correlationVector":"KnhVRAdpATx4GkcbPZBkUQ.1","action":"EncryptionKeysManager::SetEncryptionKeys:", "result":"Success", "context":Key names[8]:[kW9cg936U7jyt+PYy0gAWfM+Jg5EexK1JUu1RR87YVLdKerWl63vlVuzmW//x+gFsl5T6wy1x3zx7IygIWRvRQ==][Jgg9n3+IjiOOm2XroK+JX79TgpDjVjzYkFIxOnUHf5dE6AGnWb/7CU967XsLakPtBc0Pza38DcprZe6VMd/Log==][eVL2XcpmhucJd72kMBOYWPjkvS60BfhR8ckSFPvKuNZUe73MqDwP+Lzn8UQ4fgE1KdPS768F7tocZ1Q68uS7lg==][VfEfBn7tp2XyqmMrEiffUoA1sgiqWgA8qxDIK+j2RtZV4c0Z3OC1eaOAQT5w4MDKnbH6zuyf/3xnbs1w6Dchsw==][UYx1L8gzz1JACwIf2j8HZt+Jx2z5E5C3DWBe4BEWjnNb3YnSJozw8dNlBvI8hY8JdBOuzDioGRsQzvywl+hTSA==][AA5zTQc8vbTLCB64AGpD3pWgsj8snqpD0UG4tOD3K03lyofPdELK0v/DUYm/uDsKXIPtVuh/h5Mn04AIEW3gpw==][15TZy1w1y5Piy4NyqKLa2W7Wl+pdW0RnDzcdXzCEvH+45oj2z9ySf4bH4xpggPja+ThkbEvVBXEawt0RBLVbGw==][cAdfX9gXNTrUkj7KdGqvrVMlApIqXBsrreRgLkJipjJbQ3jwny5AQLeD3+EsCnMFa8gDVWWuaPQgDAn80/nn7Q==]}
{"logTime": "0801/133517", "correlationVector":"KnhVRAdpATx4GkcbPZBkUQ.2","action":"EncryptionKeysManager::SetEncryptionKeysWithTimestamps:", "result":"Success", "context":Key timestamps[8]:[2022-09-15T15:59:09Z][2023-03-16T15:19:58Z][2023-09-15T04:03:39Z][2024-03-13T12:47:30Z][2024-09-09T18:07:01Z][2025-03-11T04:29:07Z][2025-09-07T12:43:41Z][2026-03-07T10:18:59Z]}
{"logTime": "0801/133517", "correlationVector":"/88sJIynfbSiVq89tJUPPX","action":"Initial GetUpdates", "result":"", "context":Reason: NEW_CLIENT. cV=/88sJIynfbSiVq89tJUPPX}
{"logTime": "0801/133517", "correlationVector":"/88sJIynfbSiVq89tJUPPX.3","action":"GetUpdates Response", "result":"Success", "context":Received 1 update(s). cV=/88sJIynfbSiVq89tJUPPX.0;server=akswtt10600002e;cloudType=Consumer;environment=Prod_southindia_prod-s01-004-apac-southindia;migrationStage=NotStarted}
{"logTime": "0801/133517", "correlationVector":"0qawgr5lH0Hga+xYOY4SDw","action":"Initial GetUpdates", "result":"", "context":Reason: NEWLY_SUPPORTED_DATATYPE. cV=0qawgr5lH0Hga+xYOY4SDw}
{"logTime": "0801/133517", "correlationVector":"0qawgr5lH0Hga+xYOY4SDw.1","action":"SyncServerConnectionManagerRequest", "result":"SYNC_SERVER_OK", "context":{"environment":"Prod_southindia_prod-s01-004-apac-southindia", "migrationStage":"NotStarted", "server":"akswtt10600003a"}}
{"logTime": "0801/133517", "correlationVector":"0qawgr5lH0Hga+xYOY4SDw.2","action":"ProcessGetUpdates", "result":"Done", "context":{"dataType":"Passwords", "deleted":"0", "process_failed_to_decrypt":"0", "process_pending_decryption":"0", "process_success":"12", "total":"12"}}
{"logTime": "0801/133517", "correlationVector":"0qawgr5lH0Hga+xYOY4SDw.3","action":"ProcessGetUpdates", "result":"Done", "context":{"dataType":"Device Info", "deleted":"0", "process_failed_to_decrypt":"0", "process_pending_decryption":"0", "process_success":"6", "total":"6"}}
{"logTime": "0801/133517", "correlationVector":"0qawgr5lH0Hga+xYOY4SDw.4","action":"GetUpdates Response", "result":"Success", "context":Received 18 update(s). cV=0qawgr5lH0Hga+xYOY4SDw.0;server=akswtt10600003a;cloudType=Consumer;environment=Prod_southindia_prod-s01-004-apac-southindia;migrationStage=NotStarted}
{"logTime": "0801/133517", "correlationVector":"Z5CvWfg3RJBW7Eb6UczJXX","action":"Initial GetUpdates", "result":"", "context":Reason: NEWLY_SUPPORTED_DATATYPE. cV=Z5CvWfg3RJBW7Eb6UczJXX}
{"logTime": "0801/133518", "correlationVector":"Z5CvWfg3RJBW7Eb6UczJXX.1","action":"SyncServerConnectionManagerRequest", "result":"SYNC_SERVER_OK", "context":{"environment":"Prod_southindia_prod-s01-004-apac-southindia", "migrationStage":"NotStarted", "server":"akswtt10600001z"}}
{"logTime": "0801/133518", "correlationVector":"Z5CvWfg3RJBW7Eb6UczJXX.2","action":"ProcessGetUpdates", "result":"Done", "context":{"dataType":"Bookmarks", "deleted":"0", "process_failed_to_decrypt":"0", "process_pending_decryption":"0", "process_success":"7", "total":"7"}}
{"logTime": "0801/133518", "correlationVector":"Z5CvWfg3RJBW7Eb6UczJXX.3","action":"ProcessGetUpdates", "result":"Done", "context":{"dataType":"Preferences", "deleted":"0", "process_failed_to_decrypt":"0", "process_pending_decryption":"0", "process_success":"77", "total":"77"}}
{"logTime": "0801/133518", "correlationVector":"Z5CvWfg3RJBW7Eb6UczJXX.4","action":"ProcessGetUpdates", "result":"Done", "context":{"dataType":"Autofill Profiles", "deleted":"1", "process_failed_to_decrypt":"0", "process_pending_decryption":"0", "process_success":"1", "total":"1"}}
{"logTime": "0801/133518", "correlationVector":"Z5CvWfg3RJBW7Eb6UczJXX.5","action":"ProcessGetUpdates", "result":"Done", "context":{"dataType":"Autofill", "deleted":"0", "process_failed_to_decrypt":"0", "process_pending_decryption":"0", "process_success":"9", "total":"9"}}
{"logTime": "0801/133518", "correlationVector":"Z5CvWfg3RJBW7Eb6UczJXX.6","action":"ProcessGetUpdates", "result":"Done", "context":{"dataType":"Sessions", "deleted":"15", "process_failed_to_decrypt":"0", "process_pending_decryption":"0", "process_success":"19", "total":"19"}}
{"logTime": "0801/133518", "correlationVector":"Z5CvWfg3RJBW7Eb6UczJXX.7","action":"ProcessGetUpdates", "result":"Done", "context":{"dataType":"Edge Hub App Usage", "deleted":"1", "process_failed_to_decrypt":"0", "process_pending_decryption":"0", "process_success":"3", "total":"3"}}
{"logTime": "0801/133518", "correlationVector":"Z5CvWfg3RJBW7Eb6UczJXX.8","action":"GetUpdates Response", "result":"Success", "context":Received 116 update(s). cV=Z5CvWfg3RJBW7Eb6UczJXX.0;server=akswtt10600001z;cloudType=Consumer;environment=Prod_southindia_prod-s01-004-apac-southindia;migrationStage=NotStarted}
{"logTime": "0801/133518", "correlationVector":"pLmVYkcd9h2X1WzKXpK97A","action":"Initial GetUpdates", "result":"", "context":Reason: NEWLY_SUPPORTED_DATATYPE. cV=pLmVYkcd9h2X1WzKXpK97A}
{"logTime": "0801/133520", "correlationVector":"pLmVYkcd9h2X1WzKXpK97A.1","action":"SyncServerConnectionManagerRequest", "result":"SYNC_SERVER_OK", "context":{"environment":"Prod_southindia_prod-s01-004-apac-southindia", "migrationStage":"NotStarted", "server":"akswtt106000009"}}
{"logTime": "0801/133520", "correlationVector":"pLmVYkcd9h2X1WzKXpK97A.2","action":"ProcessGetUpdates", "result":"Done", "context":{"dataType":"History", "deleted":"0", "process_failed_to_decrypt":"0", "process_pending_decryption":"0", "process_success":"250", "total":"250"}}
{"logTime": "0801/133520", "correlationVector":"pLmVYkcd9h2X1WzKXpK97A.3","action":"GetUpdates Response", "result":"Success", "context":Received 250 update(s). cV=pLmVYkcd9h2X1WzKXpK97A.0;server=akswtt106000009;cloudType=Consumer;environment=Prod_southindia_prod-s01-004-apac-southindia;migrationStage=NotStarted Some updates remain.}
{"logTime": "0801/133520", "correlationVector":"Q0BjJ2Elwg9Sp1QVKBkraT","action":"Initial GetUpdates", "result":"", "context":Reason: NEWLY_SUPPORTED_DATATYPE. cV=Q0BjJ2Elwg9Sp1QVKBkraT}
{"logTime": "0801/133520", "correlationVector":"Q0BjJ2Elwg9Sp1QVKBkraT.1","action":"SyncServerConnectionManagerRequest", "result":"SYNC_SERVER_OK", "context":{"environment":"Prod_southindia_prod-s01-004-apac-southindia", "migrationStage":"NotStarted", "server":"akswtt106000009"}}
{"logTime": "0801/133520", "correlationVector":"Q0BjJ2Elwg9Sp1QVKBkraT.2","action":"ProcessGetUpdates", "result":"Done", "context":{"dataType":"History", "deleted":"0", "process_failed_to_decrypt":"0", "process_pending_decryption":"0", "process_success":"10", "total":"10"}}
{"logTime": "0801/133520", "correlationVector":"Q0BjJ2Elwg9Sp1QVKBkraT.3","action":"GetUpdates Response", "result":"Success", "context":Received 10 update(s). cV=Q0BjJ2Elwg9Sp1QVKBkraT.0;server=akswtt106000009;cloudType=Consumer;environment=Prod_southindia_prod-s01-004-apac-southindia;migrationStage=NotStarted}
{"logTime": "0801/133520", "correlationVector":"pxVRyUyJ2gT+8TY5hiUlJu","action":"Normal GetUpdate request", "result":"", "context":cV=pxVRyUyJ2gT+8TY5hiUlJu
Nudged types: Sessions, Device Info, User Consents
Refresh requested types: Bookmarks, Preferences, Passwords, Autofill Profiles, Autofill, Extensions, Sessions, Extension settings, History Delete Directives, Device Info, User Consents, Send Tab To Self, Web Apps, History, Saved Tab Group, WebAuthn Credentials, Edge E Drop, Edge Hub App Usage, Edge Workspace, Encryption Keys}
{"logTime": "0801/133521", "correlationVector":"pxVRyUyJ2gT+8TY5hiUlJu.1","action":"SyncServerConnectionManagerRequest", "result":"SYNC_SERVER_OK", "context":{"environment":"Prod_southindia_prod-s01-004-apac-southindia", "migrationStage":"NotStarted", "server":"akswtt106000002"}}
{"logTime": "0801/133521", "correlationVector":"pxVRyUyJ2gT+8TY5hiUlJu.2","action":"GetUpdates Response", "result":"Success", "context":Received 0 update(s). cV=pxVRyUyJ2gT+8TY5hiUlJu.0;server=akswtt106000002;cloudType=Consumer;environment=Prod_southindia_prod-s01-004-apac-southindia;migrationStage=NotStarted}
{"logTime": "0801/133521", "correlationVector":"xPAmsyx8AUrYuiAjM4sBOo","action":"DoCompareDataConsistency requsted types: ", "result":"Bookmarks, Preferences, Passwords, Extensions, Extension settings, History Delete Directives, Send Tab To Self, Web Apps, History, Saved Tab Group, WebAuthn Credentials, Edge E Drop, Edge Workspace, Encryption Keys"}
{"logTime": "0801/133521", "correlationVector":"xPAmsyx8AUrYuiAjM4sBOo.0","action":"CompareDataConsistency result: ", "result":"Compare result: Encryption Keys is consistent. local entities count is: 1 local entities hash is: o3FudRQtYPIjL/WS7IxICx3Ghh4="}
{"logTime": "0801/133521", "correlationVector":"xPAmsyx8AUrYuiAjM4sBOo.1","action":"CompareDataConsistency result: ", "result":"Compare result: Bookmarks is consistent. local entities count is: 1 local entities hash is: DQeggkKAbj30uRs3nBL4uZC9p1Q="}
{"logTime": "0801/133521", "correlationVector":"xPAmsyx8AUrYuiAjM4sBOo.2","action":"CompareDataConsistency result: ", "result":"Compare result: Preferences is consistent. local entities count is: 77 local entities hash is: vsWuUoJssuI+XAaCIddbjDECvj4="}
{"logTime": "0801/133521", "correlationVector":"xPAmsyx8AUrYuiAjM4sBOo.3","action":"CompareDataConsistency result: ", "result":"Compare result: Extensions is consistent. local entities count is: 0 local entities hash is: "}
{"logTime": "0801/133521", "correlationVector":"xPAmsyx8AUrYuiAjM4sBOo.4","action":"CompareDataConsistency result: ", "result":"Compare result: Extension settings is consistent. local entities count is: 0 local entities hash is: "}
{"logTime": "0801/133521", "correlationVector":"xPAmsyx8AUrYuiAjM4sBOo.5","action":"CompareDataConsistency result: ", "result":"Compare result: History Delete Directives is consistent. local entities count is: 0 local entities hash is: "}
{"logTime": "0801/133521", "correlationVector":"xPAmsyx8AUrYuiAjM4sBOo.6","action":"CompareDataConsistency result: ", "result":"Server did not send this Send Tab To Self local entities count is: 0 local entities hash is: "}
{"logTime": "0801/133521", "correlationVector":"xPAmsyx8AUrYuiAjM4sBOo.7","action":"CompareDataConsistency result: ", "result":"Compare result: Web Apps is consistent. local entities count is: 0 local entities hash is: "}
{"logTime": "0801/133521", "correlationVector":"xPAmsyx8AUrYuiAjM4sBOo.8","action":"CompareDataConsistency result: ", "result":"Server did not send this History local entities count is: 0 local entities hash is: "}
{"logTime": "0801/133521", "correlationVector":"xPAmsyx8AUrYuiAjM4sBOo.9","action":"CompareDataConsistency result: ", "result":"Compare result: Saved Tab Group is consistent. local entities count is: 0 local entities hash is: "}
{"logTime": "0801/133521", "correlationVector":"xPAmsyx8AUrYuiAjM4sBOo.10","action":"CompareDataConsistency result: ", "result":"Server did not send this WebAuthn Credentials local entities count is: 0 local entities hash is: "}
{"logTime": "0801/133521", "correlationVector":"xPAmsyx8AUrYuiAjM4sBOo.11","action":"CompareDataConsistency result: ", "result":"Compare result: Edge E Drop is consistent. local entities count is: 0 local entities hash is: "}
{"logTime": "0801/133521", "correlationVector":"xPAmsyx8AUrYuiAjM4sBOo.12","action":"CompareDataConsistency result: ", "result":"Server did not send this Edge Workspace local entities count is: 0 local entities hash is: "}
{"logTime": "0801/133521", "correlationVector":"xPAmsyx8AUrYuiAjM4sBOo.13","action":"CompareDataConsistency result: ", "result":"Compare result: Passwords is consistent. local entities count is: 12 local entities hash is: hiL1mBe2rY8tbsPrNKzjqxbMhJc="}
{"logTime": "0801/133521", "correlationVector":"bKPXyfhvpCORFdYbQsgGd8","action":"Commit Request", "result":"", "context":Item count: 3
Contributing types: Sessions, Device Info, User Consents}
{"logTime": "0801/133523", "correlationVector":"bKPXyfhvpCORFdYbQsgGd8.1","action":"SyncServerConnectionManagerRequest", "result":"SYNC_SERVER_OK", "context":{"environment":"Prod_southindia_prod-s01-004-apac-southindia", "migrationStage":"NotStarted", "server":"akswtt106000009"}}
{"logTime": "0801/133523", "correlationVector":"bKPXyfhvpCORFdYbQsgGd8.2","action":"Commit Response", "result":"Success", "context":Result: Success. cV=bKPXyfhvpCORFdYbQsgGd8.0;server=akswtt106000009;cloudType=Consumer;environment=Prod_southindia_prod-s01-004-apac-southindia;migrationStage=NotStarted}
{"logTime": "0801/133523", "correlationVector":"","action":"DIAGNOSTIC_REQUEST|v1/diagnosticData/Diagnostic.SendCheckResult()|SUCCESS", "result":""}
{"logTime": "0801/133527", "correlationVector":"USfQvFdZyxPCGETX+6tBpN","action":"Normal GetUpdate request", "result":"", "context":cV=USfQvFdZyxPCGETX+6tBpN
Nudged types: History
Refresh requested types: Bookmarks, Preferences, Passwords, Autofill Profiles, Autofill, Extensions, Sessions, Extension settings, History Delete Directives, Device Info, User Consents, Send Tab To Self, Web Apps, History, Saved Tab Group, WebAuthn Credentials, Edge E Drop, Edge Hub App Usage, Edge Workspace, Encryption Keys}
{"logTime": "0801/133528", "correlationVector":"USfQvFdZyxPCGETX+6tBpN.1","action":"SyncServerConnectionManagerRequest", "result":"SYNC_SERVER_OK", "context":{"environment":"Prod_southindia_prod-s01-004-apac-southindia", "migrationStage":"NotStarted", "server":"akswtt10600000u"}}
{"logTime": "0801/133528", "correlationVector":"USfQvFdZyxPCGETX+6tBpN.2","action":"ProcessGetUpdates", "result":"Done", "context":{"dataType":"Sessions", "deleted":"0", "process_failed_to_decrypt":"0", "process_pending_decryption":"0", "process_success":"1", "total":"1"}}
{"logTime": "0801/133528", "correlationVector":"USfQvFdZyxPCGETX+6tBpN.3","action":"ProcessGetUpdates", "result":"Done", "context":{"dataType":"Device Info", "deleted":"0", "process_failed_to_decrypt":"0", "process_pending_decryption":"0", "process_success":"1", "total":"1"}}
{"logTime": "0801/133528", "correlationVector":"USfQvFdZyxPCGETX+6tBpN.4","action":"GetUpdates Response", "result":"Success", "context":Received 2 update(s). cV=USfQvFdZyxPCGETX+6tBpN.0;server=akswtt10600000u;cloudType=Consumer;environment=Prod_southindia_prod-s01-004-apac-southindia;migrationStage=NotStarted}
{"logTime": "0801/133528", "correlationVector":"FD47pXEhBZ2rQZbn2xosvB","action":"Commit Request", "result":"", "context":Item count: 1
Contributing types: History}
{"logTime": "0801/133529", "correlationVector":"FD47pXEhBZ2rQZbn2xosvB.1","action":"SyncServerConnectionManagerRequest", "result":"SYNC_SERVER_OK", "context":{"environment":"Prod_southindia_prod-s01-004-apac-southindia", "migrationStage":"NotStarted", "server":"akswtt10600002j"}}
{"logTime": "0801/133529", "correlationVector":"FD47pXEhBZ2rQZbn2xosvB.2","action":"Commit Response", "result":"Success", "context":Result: Success. cV=FD47pXEhBZ2rQZbn2xosvB.0;server=akswtt10600002j;cloudType=Consumer;environment=Prod_southindia_prod-s01-004-apac-southindia;migrationStage=NotStarted}
